Creating test database for alias 'default'...
Found 14 test(s).
System check identified no issues (0 silenced).
......E.Large round-off ₹-90.00 for invoice INV-2026-000001: client_grand_total=0, server_exact=90.00
......
======================================================================
ERROR: test_convert_quotation_with_schedule_h (apps.billing.tests.test_quotation_api.QuotationAPITestCase)
----------------------------------------------------------------------
Traceback (most recent call last):
  File "/app/apps/billing/tests/test_quotation_api.py", line 160, in test_convert_quotation_with_schedule_h
    product_h = MasterProduct.objects.create(
  File "/usr/local/lib/python3.10/site-packages/django/db/models/manager.py", line 87, in manager_method
    return getattr(self.get_queryset(), name)(*args, **kwargs)
  File "/usr/local/lib/python3.10/site-packages/django/db/models/query.py", line 677, in create
    obj = self.model(**kwargs)
  File "/usr/local/lib/python3.10/site-packages/django/db/models/base.py", line 567, in __init__
    raise TypeError(
TypeError: MasterProduct() got unexpected keyword arguments: 'purchase_rate'

----------------------------------------------------------------------
Ran 14 tests in 2.148s

FAILED (errors=1)
Destroying test database for alias 'default'...
